sanity/schemas/author.ts(34,13): error TS2345: Argument of type '{ name: string; title: string; type: string; of: { title: string; type: string; styles: { title: string; value: string; }[]; lists: never[]; }[]; }' is not assignable to parameter of type '{ type: string; name: string; } & TypeAliasDefinition<string, "string" | "number" | "boolean" | "object" | "date" | "text" | "array" | "block" | "datetime" | "document" | "file" | "geopoint" | "image" | ... 6 more ... | undefined> & { ...; } & FieldDefinitionBase'.
  Object literal may only specify known properties, and 'of' does not exist in type '{ type: string; name: string; } & TypeAliasDefinition<string, "string" | "number" | "boolean" | "object" | "date" | "text" | "array" | "block" | "datetime" | "document" | "file" | "geopoint" | "image" | ... 6 more ... | undefined> & { ...; } & FieldDefinitionBase'.
sanity/schemas/post.ts(26,13): error TS2345: Argument of type '{ name: string; title: string; type: string; to: { type: string; }[]; }' is not assignable to parameter of type '{ type: string; name: string; } & TypeAliasDefinition<string, "string" | "number" | "boolean" | "object" | "array" | "block" | "date" | "datetime" | "document" | "file" | "geopoint" | "image" | "reference" | ... 6 more ... | undefined> & { ...; } & FieldDefinitionBase'.
  Object literal may only specify known properties, and 'to' does not exist in type '{ type: string; name: string; } & TypeAliasDefinition<string, "string" | "number" | "boolean" | "object" | "array" | "block" | "date" | "datetime" | "document" | "file" | "geopoint" | "image" | "reference" | ... 6 more ... | undefined> & { ...; } & FieldDefinitionBase'.
sanity/schemas/post.ts(40,13): error TS2345: Argument of type '{ name: string; title: string; type: string; of: { type: string; }[]; options: { layout: string; }; }' is not assignable to parameter of type '{ type: string; name: string; } & TypeAliasDefinition<string, "string" | "number" | "boolean" | "object" | "array" | "block" | "date" | "datetime" | "document" | "file" | "geopoint" | "image" | "reference" | ... 6 more ... | undefined> & { ...; } & FieldDefinitionBase'.
  Object literal may only specify known properties, and 'of' does not exist in type '{ type: string; name: string; } & TypeAliasDefinition<string, "string" | "number" | "boolean" | "object" | "array" | "block" | "date" | "datetime" | "document" | "file" | "geopoint" | "image" | "reference" | ... 6 more ... | undefined> & { ...; } & FieldDefinitionBase'.
sanity/schemas/post.ts(54,13): error TS2345: Argument of type '{ name: string; title: string; type: string; rows: number; description: string; }' is not assignable to parameter of type '{ type: string; name: string; } & TypeAliasDefinition<string, "string" | "number" | "boolean" | "object" | "array" | "block" | "date" | "datetime" | "document" | "file" | "geopoint" | "image" | "reference" | ... 6 more ... | undefined> & { ...; } & FieldDefinitionBase'.
  Object literal may only specify known properties, and 'rows' does not exist in type '{ type: string; name: string; } & TypeAliasDefinition<string, "string" | "number" | "boolean" | "object" | "array" | "block" | "date" | "datetime" | "document" | "file" | "geopoint" | "image" | "reference" | ... 6 more ... | undefined> & { ...; } & FieldDefinitionBase'.
sanity/schemas/post.ts(61,13): error TS2345: Argument of type '{ name: string; title: string; type: string; of: ({ type: string; } | { type: string; options: { hotspot: boolean; }; })[]; }' is not assignable to parameter of type '{ type: string; name: string; } & TypeAliasDefinition<string, "string" | "number" | "boolean" | "object" | "array" | "block" | "date" | "datetime" | "document" | "file" | "geopoint" | "image" | "reference" | ... 6 more ... | undefined> & { ...; } & FieldDefinitionBase'.
  Object literal may only specify known properties, and 'of' does not exist in type '{ type: string; name: string; } & TypeAliasDefinition<string, "string" | "number" | "boolean" | "object" | "array" | "block" | "date" | "datetime" | "document" | "file" | "geopoint" | "image" | "reference" | ... 6 more ... | undefined> & { ...; } & FieldDefinitionBase'.
