app/businesses/a&j-locksmith/components/RoadsideServices.tsx(94,91): error TS2769: No overload matches this call.
  The last overload gave the following error.
    Argument of type '{ className: string; }' is not assignable to parameter of type 'Partial<unknown> & Attributes'.
      Object literal may only specify known properties, and 'className' does not exist in type 'Partial<unknown> & Attributes'.
